hhhhhhhhhhhhh
method=GET, uri=/api/v1/admin/common/platforms, status=200

   ____    __
  / __/___/ /  ___
 / _// __/ _ \/ _ \
/___/\__/_//_/\___/ v3.2.1
High performance, minimalist Go web framework
https://echo.labstack.com
____________________________________O/_______
                                    O\
⇨ http server started on [::]:1323
method=GET, uri=/api/v1/admin/common/platforms, status=200

   ____    __
  / __/___/ /  ___
 / _// __/ _ \/ _ \
/___/\__/_//_/\___/ v3.2.1
High performance, minimalist Go web framework
https://echo.labstack.com
____________________________________O/_______
                                    O\
⇨ http server started on [::]:1323
method=GET, uri=/api/v1/admin/common/platforms, status=200

   ____    __
  / __/___/ /  ___
 / _// __/ _ \/ _ \
/___/\__/_//_/\___/ v3.2.1
High performance, minimalist Go web framework
https://echo.labstack.com
____________________________________O/_______
                                    O\
⇨ http server started on [::]:1323
{"time":"2017-08-09T18:43:53.937698018+08:00","level":"INFO","prefix":"echo","file":"echo.go","line":"473","message":"wwwwwurl: http://cs.zjmanageplatform.qiniu.io:8092/api/v1/admin/common/platforms"}
method=GET, uri=/api/v1/admin/common/platforms, status=200
{"time":"2017-08-09T18:44:29.97895746+08:00","level":"INFO","prefix":"echo","file":"echo.go","line":"473","message":"wwwwwurl: http://cs.zjmanageplatform.qiniu.io:8092/api/v1/admin/common/platforms"}
method=GET, uri=/api/v1/admin/common/platforms, status=200

   ____    __
  / __/___/ /  ___
 / _// __/ _ \/ _ \
/___/\__/_//_/\___/ v3.2.1
High performance, minimalist Go web framework
https://echo.labstack.com
____________________________________O/_______
                                    O\
⇨ http server started on [::]:1323

   ____    __
  / __/___/ /  ___
 / _// __/ _ \/ _ \
/___/\__/_//_/\___/ v3.2.1
High performance, minimalist Go web framework
https://echo.labstack.com
____________________________________O/_______
                                    O\
⇨ http server started on [::]:1323
{"time":"2017-08-09T18:49:36.055285212+08:00","level":"INFO","prefix":"echo","file":"echo.go","line":"473","message":"wwwwwurl: http://cs.zjmanageplatform.qiniu.io:8092/api/v1/admin/common/platforms"}
method=GET, uri=/api/v1/admin/common/platforms, status=502

   ____    __
  / __/___/ /  ___
 / _// __/ _ \/ _ \
/___/\__/_//_/\___/ v3.2.1
High performance, minimalist Go web framework
https://echo.labstack.com
____________________________________O/_______
                                    O\
⇨ http server started on [::]:1323
method=GET, uri=/api/v1/admin/common/platforms, status=502
method=GET, uri=/api/v1/admin/common/platforms, status=200
method=GET, uri=/api/v1/admin/common/platforms, status=200

   ____    __
  / __/___/ /  ___
 / _// __/ _ \/ _ \
/___/\__/_//_/\___/ v3.2.1
High performance, minimalist Go web framework
https://echo.labstack.com
____________________________________O/_______
                                    O\
⇨ http server started on [::]:1323
method=GET, uri=/api/v1/admin/common/platforms, status=200

   ____    __
  / __/___/ /  ___
 / _// __/ _ \/ _ \
/___/\__/_//_/\___/ v3.2.1
High performance, minimalist Go web framework
https://echo.labstack.com
____________________________________O/_______
                                    O\
⇨ http server started on [::]:1323
method=GET, uri=/api/v1/admin/common/platforms, status=200

   ____    __
  / __/___/ /  ___
 / _// __/ _ \/ _ \
/___/\__/_//_/\___/ v3.2.1
High performance, minimalist Go web framework
https://echo.labstack.com
____________________________________O/_______
                                    O\
⇨ http server started on [::]:1323

   ____    __
  / __/___/ /  ___
 / _// __/ _ \/ _ \
/___/\__/_//_/\___/ v3.2.1
High performance, minimalist Go web framework
https://echo.labstack.com
____________________________________O/_______
                                    O\
⇨ http server started on [::]:1323

   ____    __
  / __/___/ /  ___
 / _// __/ _ \/ _ \
/___/\__/_//_/\___/ v3.2.1
High performance, minimalist Go web framework
https://echo.labstack.com
____________________________________O/_______
                                    O\
⇨ http server started on [::]:1323
method=GET, uri=/alarm/config, status=200
method=GET, uri=/alarm/config, status=200
method=GET, uri=/alarm/config, status=200
method=GET, uri=/alarm/config, status=200

   ____    __
  / __/___/ /  ___
 / _// __/ _ \/ _ \
/___/\__/_//_/\___/ v3.2.1
High performance, minimalist Go web framework
https://echo.labstack.com
____________________________________O/_______
                                    O\
⇨ http server started on [::]:1323
method=GET, uri=/alarm/config, status=200
method=GET, uri=/alarm/config, status=200

   ____    __
  / __/___/ /  ___
 / _// __/ _ \/ _ \
/___/\__/_//_/\___/ v3.2.1
High performance, minimalist Go web framework
https://echo.labstack.com
____________________________________O/_______
                                    O\
⇨ http server started on [::]:1323
method=GET, uri=/alarm/config, status=200
method=GET, uri=/alarm/config, status=200
method=GET, uri=/alarm/config, status=200
method=GET, uri=/alarm/config, status=200
method=GET, uri=/alarm/config, status=200
method=GET, uri=/alarm/config, status=200

   ____    __
  / __/___/ /  ___
 / _// __/ _ \/ _ \
/___/\__/_//_/\___/ v3.2.1
High performance, minimalist Go web framework
https://echo.labstack.com
____________________________________O/_______
                                    O\
⇨ http server started on [::]:1323
method=GET, uri=/alarm/config, status=200

   ____    __
  / __/___/ /  ___
 / _// __/ _ \/ _ \
/___/\__/_//_/\___/ v3.2.1
High performance, minimalist Go web framework
https://echo.labstack.com
____________________________________O/_______
                                    O\
⇨ http server started on [::]:1323
{"time":"2017-09-18T16:31:05.237785033+08:00","level":"ERROR","prefix":"echo","file":"echo.go","line":"473","message":"error: json: cannot unmarshal bool into Go struct field Mertric.ConfirmState of type string"}
method=GET, uri=/alarm/config, status=200

   ____    __
  / __/___/ /  ___
 / _// __/ _ \/ _ \
/___/\__/_//_/\___/ v3.2.1
High performance, minimalist Go web framework
https://echo.labstack.com
____________________________________O/_______
                                    O\
⇨ http server started on [::]:1323
{"time":"2017-09-18T16:33:08.914256761+08:00","level":"ERROR","prefix":"echo","file":"echo.go","line":"473","message":"error: json: cannot unmarshal bool into Go struct field Mertric.ConfirmState of type string"}
method=GET, uri=/alarm/config, status=200

   ____    __
  / __/___/ /  ___
 / _// __/ _ \/ _ \
/___/\__/_//_/\___/ v3.2.1
High performance, minimalist Go web framework
https://echo.labstack.com
____________________________________O/_______
                                    O\
⇨ http server started on [::]:1323
{"time":"2017-09-18T16:35:29.76090713+08:00","level":"ERROR","prefix":"echo","file":"echo.go","line":"473","message":"error: json: cannot unmarshal bool into Go struct field Mertric.ConfirmState of type string"}
method=GET, uri=/alarm/config, status=200

   ____    __
  / __/___/ /  ___
 / _// __/ _ \/ _ \
/___/\__/_//_/\___/ v3.2.1
High performance, minimalist Go web framework
https://echo.labstack.com
____________________________________O/_______
                                    O\
⇨ http server started on [::]:1323
method=GET, uri=/alarm/config, status=200

   ____    __
  / __/___/ /  ___
 / _// __/ _ \/ _ \
/___/\__/_//_/\___/ v3.2.1
High performance, minimalist Go web framework
https://echo.labstack.com
____________________________________O/_______
                                    O\
⇨ http server started on [::]:1323
{"time":"2017-09-18T16:39:39.893352769+08:00","level":"ERROR","prefix":"echo","file":"echo.go","line":"473","message":"error: json: cannot unmarshal bool into Go struct field Mertric.ConfirmState of type string"}
method=GET, uri=/alarm/config, status=200

   ____    __
  / __/___/ /  ___
 / _// __/ _ \/ _ \
/___/\__/_//_/\___/ v3.2.1
High performance, minimalist Go web framework
https://echo.labstack.com
____________________________________O/_______
                                    O\
⇨ http server started on [::]:1323
{"time":"2017-09-18T16:57:10.627311383+08:00","level":"ERROR","prefix":"echo","file":"echo.go","line":"473","message":"error: json: cannot unmarshal bool into Go struct field Mertric.ConfirmState of type string"}
{"time":"2017-09-18T16:57:10.627598918+08:00","level":"ERROR","prefix":"echo","file":"echo.go","line":"473","message":"error: json: cannot unmarshal array into Go value of type map[string][]alarm.GroupMetric"}
{"time":"2017-09-18T16:57:10.627662374+08:00","level":"ERROR","prefix":"echo","file":"echo.go","line":"473","message":"error: json: cannot unmarshal array into Go value of type map[string][]alarm.RuleMetric"}
method=GET, uri=/alarm/config, status=200
{"time":"2017-09-18T16:57:24.920575022+08:00","level":"ERROR","prefix":"echo","file":"echo.go","line":"473","message":"error: json: cannot unmarshal bool into Go struct field Mertric.ConfirmState of type string"}
{"time":"2017-09-18T16:57:24.9206374+08:00","level":"ERROR","prefix":"echo","file":"echo.go","line":"473","message":"error: json: cannot unmarshal array into Go value of type map[string][]alarm.GroupMetric"}
{"time":"2017-09-18T16:57:24.920730844+08:00","level":"ERROR","prefix":"echo","file":"echo.go","line":"473","message":"error: json: cannot unmarshal array into Go value of type map[string][]alarm.RuleMetric"}
method=GET, uri=/alarm/config, status=200

   ____    __
  / __/___/ /  ___
 / _// __/ _ \/ _ \
/___/\__/_//_/\___/ v3.2.1
High performance, minimalist Go web framework
https://echo.labstack.com
____________________________________O/_______
                                    O\
⇨ http server started on [::]:1323
{"time":"2017-09-18T16:58:03.872769446+08:00","level":"ERROR","prefix":"echo","file":"echo.go","line":"473","message":"error: json: cannot unmarshal bool into Go struct field Mertric.ConfirmState of type string"}
{"time":"2017-09-18T16:58:03.872931335+08:00","level":"ERROR","prefix":"echo","file":"echo.go","line":"473","message":"error: json: cannot unmarshal array into Go value of type map[string][]alarm.GroupMetric"}
{"time":"2017-09-18T16:58:03.872962084+08:00","level":"ERROR","prefix":"echo","file":"echo.go","line":"473","message":"error: json: cannot unmarshal array into Go value of type map[string][]alarm.RuleMetric"}
method=GET, uri=/alarm/config, status=200

   ____    __
  / __/___/ /  ___
 / _// __/ _ \/ _ \
/___/\__/_//_/\___/ v3.2.1
High performance, minimalist Go web framework
https://echo.labstack.com
____________________________________O/_______
                                    O\
⇨ http server started on [::]:1323
{"time":"2017-09-18T17:13:38.392665661+08:00","level":"ERROR","prefix":"echo","file":"echo.go","line":"473","message":"error: json: cannot unmarshal bool into Go struct field Mertric.ConfirmState of type string"}
{"time":"2017-09-18T17:13:38.39448618+08:00","level":"ERROR","prefix":"echo","file":"echo.go","line":"473","message":"error: json: cannot unmarshal array into Go value of type map[string][]alarm.GroupMetric"}
{"time":"2017-09-18T17:13:38.394520544+08:00","level":"ERROR","prefix":"echo","file":"echo.go","line":"473","message":"error: json: cannot unmarshal array into Go value of type map[string][]alarm.RuleMetric"}
method=GET, uri=/alarm/config, status=200

   ____    __
  / __/___/ /  ___
 / _// __/ _ \/ _ \
/___/\__/_//_/\___/ v3.2.1
High performance, minimalist Go web framework
https://echo.labstack.com
____________________________________O/_______
                                    O\
⇨ http server started on [::]:1323
{"time":"2017-09-18T17:15:30.016684146+08:00","level":"ERROR","prefix":"echo","file":"echo.go","line":"473","message":"error: json: cannot unmarshal bool into Go struct field Mertric.ConfirmState of type string"}
{"time":"2017-09-18T17:15:30.017011218+08:00","level":"ERROR","prefix":"echo","file":"echo.go","line":"473","message":"error: json: cannot unmarshal array into Go value of type map[string][]alarm.GroupMetric"}
{"time":"2017-09-18T17:15:30.017088418+08:00","level":"ERROR","prefix":"echo","file":"echo.go","line":"473","message":"error: json: cannot unmarshal array into Go value of type map[string][]alarm.RuleMetric"}
method=GET, uri=/alarm/config, status=200

   ____    __
  / __/___/ /  ___
 / _// __/ _ \/ _ \
/___/\__/_//_/\___/ v3.2.1
High performance, minimalist Go web framework
https://echo.labstack.com
____________________________________O/_______
                                    O\
⇨ http server started on [::]:1323
{"time":"2017-09-18T17:17:21.497027579+08:00","level":"ERROR","prefix":"echo","file":"echo.go","line":"473","message":"error: json: cannot unmarshal array into Go value of type map[string][]alarm.GroupMetric"}
{"time":"2017-09-18T17:17:21.49788284+08:00","level":"ERROR","prefix":"echo","file":"echo.go","line":"473","message":"error: json: cannot unmarshal array into Go value of type map[string][]alarm.RuleMetric"}
method=GET, uri=/alarm/config, status=200

   ____    __
  / __/___/ /  ___
 / _// __/ _ \/ _ \
/___/\__/_//_/\___/ v3.2.1
High performance, minimalist Go web framework
https://echo.labstack.com
____________________________________O/_______
                                    O\
⇨ http server started on [::]:1323
{"time":"2017-09-18T17:19:47.902631649+08:00","level":"ERROR","prefix":"echo","file":"echo.go","line":"473","message":"error: json: cannot unmarshal array into Go value of type map[string][]alarm.GroupMetric"}
method=GET, uri=/alarm/config, status=200

   ____    __
  / __/___/ /  ___
 / _// __/ _ \/ _ \
/___/\__/_//_/\___/ v3.2.1
High performance, minimalist Go web framework
https://echo.labstack.com
____________________________________O/_______
                                    O\
⇨ http server started on [::]:1323
method=GET, uri=/alarm/config, status=200

   ____    __
  / __/___/ /  ___
 / _// __/ _ \/ _ \
/___/\__/_//_/\___/ v3.2.1
High performance, minimalist Go web framework
https://echo.labstack.com
____________________________________O/_______
                                    O\
⇨ http server started on [::]:1323
{"time":"2017-09-18T17:22:29.630963633+08:00","level":"ERROR","prefix":"echo","file":"echo.go","line":"473","message":"error: json: cannot unmarshal bool into Go struct field Mertric.ConfirmState of type string"}
method=GET, uri=/alarm/config, status=200

   ____    __
  / __/___/ /  ___
 / _// __/ _ \/ _ \
/___/\__/_//_/\___/ v3.2.1
High performance, minimalist Go web framework
https://echo.labstack.com
____________________________________O/_______
                                    O\
⇨ http server started on [::]:1323

   ____    __
  / __/___/ /  ___
 / _// __/ _ \/ _ \
/___/\__/_//_/\___/ v3.2.1
High performance, minimalist Go web framework
https://echo.labstack.com
____________________________________O/_______
                                    O\
⇨ http server started on [::]:1323
{"time":"2017-09-18T17:25:11.680360465+08:00","level":"ERROR","prefix":"echo","file":"echo.go","line":"473","message":"error: json: cannot unmarshal bool into Go struct field Mertric.ConfirmState of type string"}
method=GET, uri=/alarm/config, status=200

   ____    __
  / __/___/ /  ___
 / _// __/ _ \/ _ \
/___/\__/_//_/\___/ v3.2.1
High performance, minimalist Go web framework
https://echo.labstack.com
____________________________________O/_______
                                    O\
⇨ http server started on [::]:1323
{"time":"2017-09-18T17:52:28.430698922+08:00","level":"ERROR","prefix":"echo","file":"echo.go","line":"473","message":"error: json: cannot unmarshal bool into Go struct field Metric.ConfirmState of type string"}
method=GET, uri=/alarm/config, status=200

   ____    __
  / __/___/ /  ___
 / _// __/ _ \/ _ \
/___/\__/_//_/\___/ v3.2.1
High performance, minimalist Go web framework
https://echo.labstack.com
____________________________________O/_______
                                    O\
⇨ http server started on [::]:1323
{"time":"2017-09-18T17:53:28.013963492+08:00","level":"ERROR","prefix":"echo","file":"echo.go","line":"473","message":"error: json: cannot unmarshal bool into Go struct field Metric.ConfirmState of type string"}
method=GET, uri=/alarm/config, status=200

   ____    __
  / __/___/ /  ___
 / _// __/ _ \/ _ \
/___/\__/_//_/\___/ v3.2.1
High performance, minimalist Go web framework
https://echo.labstack.com
____________________________________O/_______
                                    O\
⇨ http server started on [::]:1323

   ____    __
  / __/___/ /  ___
 / _// __/ _ \/ _ \
/___/\__/_//_/\___/ v3.2.1
High performance, minimalist Go web framework
https://echo.labstack.com
____________________________________O/_______
                                    O\
⇨ http server started on [::]:1323

   ____    __
  / __/___/ /  ___
 / _// __/ _ \/ _ \
/___/\__/_//_/\___/ v3.2.1
High performance, minimalist Go web framework
https://echo.labstack.com
____________________________________O/_______
                                    O\
⇨ http server started on [::]:1323

   ____    __
  / __/___/ /  ___
 / _// __/ _ \/ _ \
/___/\__/_//_/\___/ v3.2.1
High performance, minimalist Go web framework
https://echo.labstack.com
____________________________________O/_______
                                    O\
⇨ http server started on [::]:1323

   ____    __
  / __/___/ /  ___
 / _// __/ _ \/ _ \
/___/\__/_//_/\___/ v3.2.1
High performance, minimalist Go web framework
https://echo.labstack.com
____________________________________O/_______
                                    O\
⇨ http server started on [::]:1323

   ____    __
  / __/___/ /  ___
 / _// __/ _ \/ _ \
/___/\__/_//_/\___/ v3.2.1
High performance, minimalist Go web framework
https://echo.labstack.com
____________________________________O/_______
                                    O\
⇨ http server started on [::]:1323

   ____    __
  / __/___/ /  ___
 / _// __/ _ \/ _ \
/___/\__/_//_/\___/ v3.2.1
High performance, minimalist Go web framework
https://echo.labstack.com
____________________________________O/_______
                                    O\
⇨ http server started on [::]:1323

   ____    __
  / __/___/ /  ___
 / _// __/ _ \/ _ \
/___/\__/_//_/\___/ v3.2.1
High performance, minimalist Go web framework
https://echo.labstack.com
____________________________________O/_______
                                    O\
⇨ http server started on [::]:1323

   ____    __
  / __/___/ /  ___
 / _// __/ _ \/ _ \
/___/\__/_//_/\___/ v3.2.1
High performance, minimalist Go web framework
https://echo.labstack.com
____________________________________O/_______
                                    O\
⇨ http server started on [::]:1323

   ____    __
  / __/___/ /  ___
 / _// __/ _ \/ _ \
/___/\__/_//_/\___/ v3.2.1
High performance, minimalist Go web framework
https://echo.labstack.com
____________________________________O/_______
                                    O\
⇨ http server started on [::]:1323

   ____    __
  / __/___/ /  ___
 / _// __/ _ \/ _ \
/___/\__/_//_/\___/ v3.2.1
High performance, minimalist Go web framework
https://echo.labstack.com
____________________________________O/_______
                                    O\
⇨ http server started on [::]:1323

   ____    __
  / __/___/ /  ___
 / _// __/ _ \/ _ \
/___/\__/_//_/\___/ v3.2.1
High performance, minimalist Go web framework
https://echo.labstack.com
____________________________________O/_______
                                    O\
⇨ http server started on [::]:1323
{"time":"2017-10-09T14:30:30.323114971+08:00","level":"ERROR","prefix":"echo","file":"echo.go","line":"283","message":"code=404, message=Not Found"}
method=GET, uri=/, status=404
{"time":"2017-10-09T14:30:30.830895703+08:00","level":"ERROR","prefix":"echo","file":"echo.go","line":"283","message":"code=404, message=Not Found"}
method=GET, uri=/favicon.ico, status=404
{"time":"2017-10-09T14:31:14.942754997+08:00","level":"ERROR","prefix":"echo","file":"echo.go","line":"283","message":"code=404, message=Not Found"}
method=GET, uri=/api/v1/admin/v2/common/mode, status=404
{"time":"2017-10-09T14:31:55.158052875+08:00","level":"ERROR","prefix":"echo","file":"echo.go","line":"283","message":"code=404, message=Not Found"}
method=GET, uri=/api/v1/admin/v2/common/mode, status=404
{"time":"2017-10-09T14:32:06.30212566+08:00","level":"ERROR","prefix":"echo","file":"echo.go","line":"283","message":"code=404, message=Not Found"}
method=GET, uri=/api/v1/admin/v2/common/mode, status=404
{"time":"2017-10-09T14:32:17.346385833+08:00","level":"ERROR","prefix":"echo","file":"echo.go","line":"473","message":"error: Get http://cs.zjmanageplatform.qiniu.io:8092/api/v1/admin/common/mode: dial tcp 10.200.20.32:8092: getsockopt: connection refused"}
method=GET, uri=/api/v1/admin/common/mode, status=200
{"time":"2017-10-09T14:32:43.83949123+08:00","level":"ERROR","prefix":"echo","file":"echo.go","line":"283","message":"code=404, message=Not Found"}
method=GET, uri=/api/v1/common/cacheGroups, status=404

   ____    __
  / __/___/ /  ___
 / _// __/ _ \/ _ \
/___/\__/_//_/\___/ v3.2.1
High performance, minimalist Go web framework
https://echo.labstack.com
____________________________________O/_______
                                    O\
⇨ http server started on [::]:1323
{"time":"2017-10-09T14:34:14.503165564+08:00","level":"ERROR","prefix":"echo","file":"echo.go","line":"283","message":"code=404, message=Not Found"}
method=GET, uri=/api/v1/common/cacheGroups, status=404
{"time":"2017-10-09T14:34:15.37058505+08:00","level":"ERROR","prefix":"echo","file":"echo.go","line":"283","message":"code=404, message=Not Found"}
method=GET, uri=/api/v1/common/cacheGroups, status=404
method=GET, uri=/api/v1/admin/common/platforms, status=200
method=GET, uri=/api/v1/admin/common/platforms, status=200
method=GET, uri=/api/v1/admin/common/platforms, status=200
method=GET, uri=/api/v1/admin/common/platforms, status=200
method=GET, uri=/api/v1/admin/common/platforms, status=200
method=GET, uri=/api/v1/admin/common/platforms, status=200
method=GET, uri=/api/v1/admin/common/platforms, status=200
method=GET, uri=/api/v1/admin/common/platforms, status=200
method=GET, uri=/api/v1/admin/common/platforms, status=200
method=GET, uri=/api/v1/admin/common/platforms, status=200

   ____    __
  / __/___/ /  ___
 / _// __/ _ \/ _ \
/___/\__/_//_/\___/ v3.2.1
High performance, minimalist Go web framework
https://echo.labstack.com
____________________________________O/_______
                                    O\
⇨ http server started on [::]:1323
{"time":"2017-10-09T15:23:40.590308266+08:00","level":"ERROR","prefix":"echo","file":"echo.go","line":"283","message":"code=404, message=Not Found"}
method=GET, uri=/test, status=404
{"time":"2017-10-09T15:24:26.941356755+08:00","level":"ERROR","prefix":"echo","file":"echo.go","line":"283","message":"code=404, message=Not Found"}
method=GET, uri=/testadfas, status=404
{"time":"2017-10-09T15:24:33.405927015+08:00","level":"ERROR","prefix":"echo","file":"echo.go","line":"283","message":"code=404, message=Not Found"}
method=GET, uri=/testadfas, status=404

   ____    __
  / __/___/ /  ___
 / _// __/ _ \/ _ \
/___/\__/_//_/\___/ v3.2.1
High performance, minimalist Go web framework
https://echo.labstack.com
____________________________________O/_______
                                    O\
⇨ http server started on [::]:1323
method=GET, uri=/testadfas, status=200
method=GET, uri=/test, status=200
method=GET, uri=/, status=200
method=GET, uri=/api/v1/admin/common/platforms, status=200

   ____    __
  / __/___/ /  ___
 / _// __/ _ \/ _ \
/___/\__/_//_/\___/ v3.2.1
High performance, minimalist Go web framework
https://echo.labstack.com
____________________________________O/_______
                                    O\
⇨ http server started on [::]:1323
method=GET, uri=/api/v1/admin/common/platforms, status=200
method=GET, uri=/api/v1/admin/common/platforms, status=200
method=GET, uri=/api/v1/admin/common/platforms, status=200

   ____    __
  / __/___/ /  ___
 / _// __/ _ \/ _ \
/___/\__/_//_/\___/ v3.2.1
High performance, minimalist Go web framework
https://echo.labstack.com
____________________________________O/_______
                                    O\
⇨ http server started on [::]:1323
{"time":"2017-10-09T15:29:01.730506452+08:00","level":"ERROR","prefix":"echo","file":"echo.go","line":"283","message":"code=404, message=Not Found"}
method=GET, uri=/api/v1/admin/common/platforms, status=404
method=GET, uri=/test/api/v1/admin/common/platforms, status=200
method=GET, uri=/test/api/v1/admin/common/platforms, status=200

   ____    __
  / __/___/ /  ___
 / _// __/ _ \/ _ \
/___/\__/_//_/\___/ v3.2.1
High performance, minimalist Go web framework
https://echo.labstack.com
____________________________________O/_______
                                    O\
⇨ http server started on [::]:1323
method=GET, uri=/test/api/v1/admin/common/platforms, status=200
method=GET, uri=/test/api/v1/admin/common/platforms, status=200
method=GET, uri=/test/api/v1/admin/common/platforms, status=200
method=GET, uri=/api/v1/admin/common/platforms, status=200
method=GET, uri=/api/v1/admin/common/platforms, status=200
method=GET, uri=/api/v1/admin/common/platforms, status=200
method=GET, uri=/api/v1/admin/common/platforms, status=200
method=GET, uri=/api/v1/admin/common/platforms, status=200
method=GET, uri=/api/v1/admin/common/platforms, status=200
method=GET, uri=/api/v1/admin/common/platforms, status=200

   ____    __
  / __/___/ /  ___
 / _// __/ _ \/ _ \
/___/\__/_//_/\___/ v3.2.3
High performance, minimalist Go web framework
https://echo.labstack.com
____________________________________O/_______
                                    O\
⇨ http server started on [::]:1323
{"time":"2017-10-16T17:29:54.208700807+08:00","level":"ERROR","prefix":"echo","file":"echo.go","line":"477","message":"error: json: cannot unmarshal bool into Go struct field Metric.ConfirmState of type string"}
method=GET, uri=/alarm/config, status=200
{"time":"2017-10-16T17:31:10.108371867+08:00","level":"ERROR","prefix":"echo","file":"echo.go","line":"477","message":"error: Get http://cs.zjmanageplatform.qiniu.io:8092/api/v1/admin/dispatch/lines: dial tcp 10.200.20.32:8092: getsockopt: connection refused"}
method=GET, uri=/api/v1/admin/dispatch/lines, status=200
{"time":"2017-10-16T17:32:17.299520432+08:00","level":"ERROR","prefix":"echo","file":"echo.go","line":"477","message":"error: Get http://124.160.26.132:51030/v2/fstats/line/info: dial tcp 124.160.26.132:51030: getsockopt: connection refused"}
method=GET, uri=/v2/fstats/line/info, status=200

   ____    __
  / __/___/ /  ___
 / _// __/ _ \/ _ \
/___/\__/_//_/\___/ v3.2.3
High performance, minimalist Go web framework
https://echo.labstack.com
____________________________________O/_______
                                    O\
⇨ http server started on [::]:1323
method=GET, uri=/api/v1/admin/dispatch/lines, status=200

   ____    __
  / __/___/ /  ___
 / _// __/ _ \/ _ \
/___/\__/_//_/\___/ v3.2.3
High performance, minimalist Go web framework
https://echo.labstack.com
____________________________________O/_______
                                    O\
⇨ http server started on [::]:1323
method=GET, uri=/api/v1/admin/gcfxcgvhbjknlkhjvgcfh, status=200
method=GET, uri=/admin/gcfxcgvhbjknlkhjvgcfh, status=200

   ____    __
  / __/___/ /  ___
 / _// __/ _ \/ _ \
/___/\__/_//_/\___/ v3.2.3
High performance, minimalist Go web framework
https://echo.labstack.com
____________________________________O/_______
                                    O\
⇨ http server started on [::]:1323
method=GET, uri=/admin/gcfxcgvhbjknlkhjvgcfh, status=200

   ____    __
  / __/___/ /  ___
 / _// __/ _ \/ _ \
/___/\__/_//_/\___/ v3.2.3
High performance, minimalist Go web framework
https://echo.labstack.com
____________________________________O/_______
                                    O\
⇨ http server started on [::]:1323
method=GET, uri=/admin/gcfxcgvhbjknlkhjvgcfh, status=200
method=GET, uri=/api/v1/admin/dispatch/lines, status=200

   ____    __
  / __/___/ /  ___
 / _// __/ _ \/ _ \
/___/\__/_//_/\___/ v3.2.3
High performance, minimalist Go web framework
https://echo.labstack.com
____________________________________O/_______
                                    O\
⇨ http server started on [::]:1323
method=GET, uri=/api/v1/admin/dispatch/lines, status=200
method=GET, uri=/api/v1/admin/dispatch/lines, status=200

   ____    __
  / __/___/ /  ___
 / _// __/ _ \/ _ \
/___/\__/_//_/\___/ v3.2.3
High performance, minimalist Go web framework
https://echo.labstack.com
____________________________________O/_______
                                    O\
⇨ http server started on [::]:1323

   ____    __
  / __/___/ /  ___
 / _// __/ _ \/ _ \
/___/\__/_//_/\___/ v3.2.3
High performance, minimalist Go web framework
https://echo.labstack.com
____________________________________O/_______
                                    O\
⇨ http server started on [::]:1323
method=GET, uri=/api/v1/admin/dispatch/lines, status=200
method=GET, uri=/api/v1/admin/dispatch/lines, status=200
method=GET, uri=/api/v1/admin/dispatch/lines, status=200

   ____    __
  / __/___/ /  ___
 / _// __/ _ \/ _ \
/___/\__/_//_/\___/ v3.2.3
High performance, minimalist Go web framework
https://echo.labstack.com
____________________________________O/_______
                                    O\
⇨ http server started on [::]:1323
method=GET, uri=/api/v1/admin/dispatch/lines, status=200
method=GET, uri=/api/v1/admin/dispatch/lines, status=200
method=GET, uri=/api/v1/admin/dispatch/lines, status=200
method=GET, uri=/api/v1/admin/dispatch/lines, status=200
method=GET, uri=/api/v1/admin/dispatch/views, status=200

   ____    __
  / __/___/ /  ___
 / _// __/ _ \/ _ \
/___/\__/_//_/\___/ v3.2.3
High performance, minimalist Go web framework
https://echo.labstack.com
____________________________________O/_______
                                    O\
⇨ http server started on [::]:1323
method=GET, uri=/api/v1/admin/dispatch/views, status=200
method=GET, uri=/api/v1/admin/dispatch/views, status=200
method=GET, uri=/api/v1/admin/dispatch/views, status=200
method=GET, uri=/api/v1/admin/dispatch/views, status=200

   ____    __
  / __/___/ /  ___
 / _// __/ _ \/ _ \
/___/\__/_//_/\___/ v3.2.3
High performance, minimalist Go web framework
https://echo.labstack.com
____________________________________O/_______
                                    O\
⇨ http server started on [::]:1323
method=GET, uri=/api/v1/admin/dispatch/views, status=200
{"time":"2017-10-16T20:29:56.29045831+08:00","level":"ERROR","prefix":"echo","file":"echo.go","line":"477","message":"error: json: cannot unmarshal bool into Go struct field Metric.ConfirmState of type string"}
method=GET, uri=/alarm/config, status=200

   ____    __
  / __/___/ /  ___
 / _// __/ _ \/ _ \
/___/\__/_//_/\___/ v3.2.3
High performance, minimalist Go web framework
https://echo.labstack.com
____________________________________O/_______
                                    O\
⇨ http server started on [::]:1323
method=GET, uri=/alarm/config, status=404
{"time":"2017-10-16T20:31:31.416233629+08:00","level":"ERROR","prefix":"echo","file":"main.go","line":"55","message":"error: Get http://124.160.26.132:51030/v2/fstats/line/info: dial tcp 124.160.26.132:51030: getsockopt: connection refused"}
method=GET, uri=/v2/fstats/line/info, status=200
{"time":"2017-10-16T20:31:34.330718709+08:00","level":"ERROR","prefix":"echo","file":"main.go","line":"55","message":"error: Get http://124.160.26.132:51030/v2/fstats/line/info: dial tcp 124.160.26.132:51030: getsockopt: connection refused"}
method=GET, uri=/v2/fstats/line/info, status=200
{"time":"2017-10-16T20:31:36.104899928+08:00","level":"ERROR","prefix":"echo","file":"main.go","line":"55","message":"error: Get http://124.160.26.132:51030/v2/fstats/line/info: dial tcp 124.160.26.132:51030: getsockopt: connection refused"}
method=GET, uri=/v2/fstats/line/info, status=200
{"time":"2017-10-16T20:31:54.160162313+08:00","level":"ERROR","prefix":"echo","file":"main.go","line":"55","message":"error: Get http://124.160.26.132:51030/v2/fusionlines/monlist: dial tcp 124.160.26.132:51030: getsockopt: connection refused"}
method=GET, uri=/v2/fusionlines/monlist, status=200
method=GET, uri=/api/v1/admin/dispatch/lines, status=200
method=GET, uri=/api/v1/admin/dispatch/lines, status=200
method=GET, uri=/api/v1/admin/dispatch/lines, status=200

   ____    __
  / __/___/ /  ___
 / _// __/ _ \/ _ \
/___/\__/_//_/\___/ v3.2.3
High performance, minimalist Go web framework
https://echo.labstack.com
____________________________________O/_______
                                    O\
⇨ http server started on [::]:1323
{"time":"2017-10-17T10:02:54.415724221+08:00","level":"ERROR","prefix":"echo","file":"main.go","line":"55","message":"error: Get http://cs.zjmanageplatform.qiniu.io:8090/api/v1/admin/dispatch/lines: dial tcp 10.200.20.32:8090: i/o timeout"}
method=GET, uri=/api/v1/admin/dispatch/lines, status=200
method=GET, uri=/api/v1/admin/dispatch/lines, status=200
method=GET, uri=/api/v1/admin/dispatch/lines, status=200

   ____    __
  / __/___/ /  ___
 / _// __/ _ \/ _ \
/___/\__/_//_/\___/ v3.2.3
High performance, minimalist Go web framework
https://echo.labstack.com
____________________________________O/_______
                                    O\
⇨ http server started on [::]:1323
method=GET, uri=/api/v1/admin/dispatch/lines, status=200

   ____    __
  / __/___/ /  ___
 / _// __/ _ \/ _ \
/___/\__/_//_/\___/ v3.2.3
High performance, minimalist Go web framework
https://echo.labstack.com
____________________________________O/_______
                                    O\
⇨ http server started on [::]:1323
method=GET, uri=/api/v1/admin/dispatch/lines, status=200
method=GET, uri=/api/v1/admin/dispatch/lines, status=200
method=GET, uri=/api/v1/admin/dispatch/lines, status=200
method=GET, uri=/api/v1/admin/dispatch/lines, status=200
method=GET, uri=/api/v1/admin/dispatch/lines, status=200
method=GET, uri=/api/v1/admin/dispatch/lines, status=200
method=GET, uri=/api/v1/admin/common/cacheGroups, status=200
method=GET, uri=/api/v1/admin/common/cacheGroups, status=200

   ____    __
  / __/___/ /  ___
 / _// __/ _ \/ _ \
/___/\__/_//_/\___/ v3.2.3
High performance, minimalist Go web framework
https://echo.labstack.com
____________________________________O/_______
                                    O\
⇨ http server started on [::]:1323
method=GET, uri=/api/v1/admin/common/cacheGroups, status=200
{"time":"2017-10-17T10:36:01.837776291+08:00","level":"ERROR","prefix":"echo","file":"echo.go","line":"284","message":"code=404, message=Not Found"}
method=GET, uri=/v2/fusionlines/monlist, status=404
method=GET, uri=/api/v1/admin/common/cacheGroups, status=200

   ____    __
  / __/___/ /  ___
 / _// __/ _ \/ _ \
/___/\__/_//_/\___/ v3.2.3
High performance, minimalist Go web framework
https://echo.labstack.com
____________________________________O/_______
                                    O\
⇨ http server started on [::]:1323
method=GET, uri=/alarm/v1/rule/all, status=404

   ____    __
  / __/___/ /  ___
 / _// __/ _ \/ _ \
/___/\__/_//_/\___/ v3.2.3
High performance, minimalist Go web framework
https://echo.labstack.com
____________________________________O/_______
                                    O\
⇨ http server started on [::]:1323
method=GET, uri=/alarm/v1/rule/all, status=404

   ____    __
  / __/___/ /  ___
 / _// __/ _ \/ _ \
/___/\__/_//_/\___/ v3.2.3
High performance, minimalist Go web framework
https://echo.labstack.com
____________________________________O/_______
                                    O\
⇨ http server started on [::]:1323
method=GET, uri=/alarm/v1/rule/all, status=200
method=GET, uri=/api/v1/admin/dispatch/lines, status=200
method=GET, uri=/api/v1/admin/dispatch/lines, status=200
method=GET, uri=/api/v1/admin/dispatch/lines, status=200

   ____    __
  / __/___/ /  ___
 / _// __/ _ \/ _ \
/___/\__/_//_/\___/ v3.2.3
High performance, minimalist Go web framework
https://echo.labstack.com
____________________________________O/_______
                                    O\
⇨ http server started on [::]:1323
method=GET, uri=/api/v1/admin/dispatch/lines, status=200
method=GET, uri=/api/v1/admin/dispatch/lines, status=200
method=GET, uri=/api/v1/admin/dispatch/lines, status=200

   ____    __
  / __/___/ /  ___
 / _// __/ _ \/ _ \
/___/\__/_//_/\___/ v3.2.3
High performance, minimalist Go web framework
https://echo.labstack.com
____________________________________O/_______
                                    O\
⇨ http server started on [::]:1323
method=GET, uri=/api/v1/admin/dispatch/lines, status=200
method=GET, uri=/api/v1/admin/dispatch/lines, status=200
method=GET, uri=/api/v1/admin/dispatch/lines, status=200
method=GET, uri=/api/v1/admin/dispatch/lines, status=200

   ____    __
  / __/___/ /  ___
 / _// __/ _ \/ _ \
/___/\__/_//_/\___/ v3.2.3
High performance, minimalist Go web framework
https://echo.labstack.com
____________________________________O/_______
                                    O\
⇨ http server started on [::]:1323
method=GET, uri=/api/v1/admin/dispatch/lines, status=200
method=GET, uri=/api/v1/admin/dispatch/lines, status=200
method=GET, uri=/api/v1/admin/dispatch/lines, status=200
method=GET, uri=/api/v1/admin/dispatch/lines, status=200

   ____    __
  / __/___/ /  ___
 / _// __/ _ \/ _ \
/___/\__/_//_/\___/ v3.2.3
High performance, minimalist Go web framework
https://echo.labstack.com
____________________________________O/_______
                                    O\
⇨ http server started on [::]:1323
method=GET, uri=/api/v1/admin/dispatch/lines, status=200
method=GET, uri=/api/v1/admin/dispatch/lines, status=200

   ____    __
  / __/___/ /  ___
 / _// __/ _ \/ _ \
/___/\__/_//_/\___/ v3.2.3
High performance, minimalist Go web framework
https://echo.labstack.com
____________________________________O/_______
                                    O\
⇨ http server started on [::]:1323
method=GET, uri=/api/v1/admin/dispatch/lines, status=200
method=GET, uri=/api/v1/admin/dispatch/lines, status=200

   ____    __
  / __/___/ /  ___
 / _// __/ _ \/ _ \
/___/\__/_//_/\___/ v3.2.3
High performance, minimalist Go web framework
https://echo.labstack.com
____________________________________O/_______
                                    O\
⇨ http server started on [::]:1323
method=GET, uri=/admin/gcfxcgvhbjknlkhjvgcfh, status=404
method=GET, uri=/api/v1/admin/common/cacheGroups, status=200
method=GET, uri=/gcfxcgvhbjknlkhjvgcfh, status=404
method=GET, uri=/gcfxcgvhbjknlkhjvgcfh, status=404
method=GET, uri=/gcfxcgvhbjknlkhjvgcfh, status=404
method=GET, uri=/gcfxcgvhbjknlkhjvgcfh, status=404

   ____    __
  / __/___/ /  ___
 / _// __/ _ \/ _ \
/___/\__/_//_/\___/ v3.2.3
High performance, minimalist Go web framework
https://echo.labstack.com
____________________________________O/_______
                                    O\
⇨ http server started on [::]:1323
method=GET, uri=/gcfxcgvhbjknlkhjvgcfh, status=404
method=GET, uri=/gcfxcgvhbjknlkhjvgcfh, status=404
method=GET, uri=/gcfxcgvhbjknlkhjvgcfh, status=404
method=GET, uri=/favicon.ico, status=404
method=GET, uri=/gcfxcgvhbjknlkhjvgcfh, status=404

   ____    __
  / __/___/ /  ___
 / _// __/ _ \/ _ \
/___/\__/_//_/\___/ v3.2.3
High performance, minimalist Go web framework
https://echo.labstack.com
____________________________________O/_______
                                    O\
⇨ http server started on [::]:1323
method=GET, uri=/gcfxcgvhbjknlkhjvgcfh, status=404
method=GET, uri=/alarm/v1/rule/all, status=200
method=GET, uri=/api/v1/admin/dispatch/lines, status=200

   ____    __
  / __/___/ /  ___
 / _// __/ _ \/ _ \
/___/\__/_//_/\___/ v3.2.3
High performance, minimalist Go web framework
https://echo.labstack.com
____________________________________O/_______
                                    O\
⇨ http server started on [::]:1323

   ____    __
  / __/___/ /  ___
 / _// __/ _ \/ _ \
/___/\__/_//_/\___/ v3.2.3
High performance, minimalist Go web framework
https://echo.labstack.com
____________________________________O/_______
                                    O\
⇨ http server started on [::]:1323
method=GET, uri=/alarm/v1/rule/all, status=200
{"time":"2017-10-18T10:00:17.163978423+08:00","level":"ERROR","prefix":"echo","file":"echo.go","line":"477","message":"error: Get http://cs.zjmanageplatform.qiniu.io:8090/api/v1/admin/common/cacheGroups: dial tcp 10.200.20.32:8090: i/o timeout"}
method=GET, uri=/api/v1/admin/common/cacheGroups, status=200
method=GET, uri=/alarm/v1/rule/all, status=200

   ____    __
  / __/___/ /  ___
 / _// __/ _ \/ _ \
/___/\__/_//_/\___/ v3.2.3
High performance, minimalist Go web framework
https://echo.labstack.com
____________________________________O/_______
                                    O\
⇨ http server started on [::]:1323
method=GET, uri=/alarm/v1/rule/all, status=200
method=GET, uri=/alarm/v1/rule/all, status=200
method=GET, uri=/alarm/v1/rule/all, status=200

   ____    __
  / __/___/ /  ___
 / _// __/ _ \/ _ \
/___/\__/_//_/\___/ v3.2.3
High performance, minimalist Go web framework
https://echo.labstack.com
____________________________________O/_______
                                    O\
⇨ http server started on [::]:1323

   ____    __
  / __/___/ /  ___
 / _// __/ _ \/ _ \
/___/\__/_//_/\___/ v3.2.3
High performance, minimalist Go web framework
https://echo.labstack.com
____________________________________O/_______
                                    O\
⇨ http server started on [::]:1323

   ____    __
  / __/___/ /  ___
 / _// __/ _ \/ _ \
/___/\__/_//_/\___/ v3.2.3
High performance, minimalist Go web framework
https://echo.labstack.com
____________________________________O/_______
                                    O\
⇨ http server started on [::]:1323
method=GET, uri=/v2/v1/rule/all, status=200

   ____    __
  / __/___/ /  ___
 / _// __/ _ \/ _ \
/___/\__/_//_/\___/ v3.2.3
High performance, minimalist Go web framework
https://echo.labstack.com
____________________________________O/_______
                                    O\
⇨ http server started on [::]:1323
method=GET, uri=/v2/v1/rule/all, status=200
method=GET, uri=/alarm/v1/rule/all, status=200

   ____    __
  / __/___/ /  ___
 / _// __/ _ \/ _ \
/___/\__/_//_/\___/ v3.2.3
High performance, minimalist Go web framework
https://echo.labstack.com
____________________________________O/_______
                                    O\
⇨ http server started on [::]:1323
method=GET, uri=/alarm/v1/rule/all, status=200

   ____    __
  / __/___/ /  ___
 / _// __/ _ \/ _ \
/___/\__/_//_/\___/ v3.2.3
High performance, minimalist Go web framework
https://echo.labstack.com
____________________________________O/_______
                                    O\
⇨ http server started on [::]:1323
method=GET, uri=/alarm/v1/rule/all, status=200
method=GET, uri=/alarm/v1/rule/all, status=200
method=GET, uri=/alarm/v1/rule/all, status=200

   ____    __
  / __/___/ /  ___
 / _// __/ _ \/ _ \
/___/\__/_//_/\___/ v3.2.3
High performance, minimalist Go web framework
https://echo.labstack.com
____________________________________O/_______
                                    O\
⇨ http server started on [::]:1323
method=GET, uri=/alarm/v1/rule/all, status=200
method=GET, uri=/alarm/v1/rule/all, status=200
method=GET, uri=/v2/v1/rule/all, status=200
method=GET, uri=/v2/v1/rule/all, status=200

   ____    __
  / __/___/ /  ___
 / _// __/ _ \/ _ \
/___/\__/_//_/\___/ v3.2.3
High performance, minimalist Go web framework
https://echo.labstack.com
____________________________________O/_______
                                    O\
⇨ http server started on [::]:1323

   ____    __
  / __/___/ /  ___
 / _// __/ _ \/ _ \
/___/\__/_//_/\___/ v3.2.3
High performance, minimalist Go web framework
https://echo.labstack.com
____________________________________O/_______
                                    O\
⇨ http server started on [::]:1323
{"time":"2017-10-18T10:14:15.594875302+08:00","level":"ERROR","prefix":"echo","file":"echo.go","line":"477","message":"error: Get http://124.160.26.132:51030/v2/v1/rule/all: dial tcp 124.160.26.132:51030: getsockopt: connection refused"}
method=GET, uri=/v2/v1/rule/all, status=200
{"time":"2017-10-18T10:14:19.157152495+08:00","level":"ERROR","prefix":"echo","file":"echo.go","line":"477","message":"error: Get http://124.160.26.132:51030/v2/v1/rule/all: dial tcp 124.160.26.132:51030: getsockopt: connection refused"}
method=GET, uri=/v2/v1/rule/all, status=200
method=GET, uri=/alarm/v1/rule/all, status=200
method=GET, uri=/alarm/v1/rule/all, status=200
{"time":"2017-10-18T10:15:03.572576019+08:00","level":"ERROR","prefix":"echo","file":"echo.go","line":"477","message":"error: Get http://cs.zjmanageplatform.qiniu.io:8090/api/v1/admin/dispatch/lines: dial tcp 10.200.20.32:8090: i/o timeout"}
method=GET, uri=/api/v1/admin/dispatch/lines, status=200
method=GET, uri=/api/v1/admin/dispatch/lines, status=200
method=GET, uri=/api/v1/admin/dispatch/lines, status=200
method=GET, uri=/api/v1/admin/dispatch/lines, status=200
method=GET, uri=/api/v1/admin/dispatch/lines, status=200
method=GET, uri=/api/v1/admin/dispatch/lines, status=200
method=GET, uri=/alarm/v1/rule/all, status=200
method=GET, uri=/alarm/v1/rule/all, status=200
method=GET, uri=/alarm/v1/rule/all, status=200
method=GET, uri=/alarm/v1/rule/all, status=200
method=GET, uri=/alarm/v1/rule/all, status=200
method=GET, uri=/alarm/v1/rule/all, status=200
method=GET, uri=/alarm/v1/rule/all, status=200
method=GET, uri=/alarm/v1/rule/all, status=200

   ____    __
  / __/___/ /  ___
 / _// __/ _ \/ _ \
/___/\__/_//_/\___/ v3.2.3
High performance, minimalist Go web framework
https://echo.labstack.com
____________________________________O/_______
                                    O\
⇨ http server started on [::]:1323
{"time":"2017-10-18T10:26:12.062133756+08:00","level":"ERROR","prefix":"echo","file":"echo.go","line":"477","message":"error: Get http://124.160.26.132:51030/v2/v1/rule/all: dial tcp 124.160.26.132:51030: getsockopt: connection refused"}
method=GET, uri=/v2/v1/rule/all, status=200
{"time":"2017-10-18T10:27:23.593309012+08:00","level":"ERROR","prefix":"echo","file":"echo.go","line":"477","message":"error: Get http://cs.zjmanageplatform.qiniu.io:8090/api/v1/admin/dispatch/lines: dial tcp 10.200.20.32:8090: i/o timeout"}
method=GET, uri=/api/v1/admin/dispatch/lines, status=200
{"time":"2017-10-18T10:27:55.2610254+08:00","level":"ERROR","prefix":"echo","file":"echo.go","line":"477","message":"error: Get http://cs.zjmanageplatform.qiniu.io:8090/api/v1/admin/dispatch/lines: dial tcp 10.200.20.32:8090: i/o timeout"}
method=GET, uri=/api/v1/admin/dispatch/lines, status=200

   ____    __
  / __/___/ /  ___
 / _// __/ _ \/ _ \
/___/\__/_//_/\___/ v3.2.3
High performance, minimalist Go web framework
https://echo.labstack.com
____________________________________O/_______
                                    O\
⇨ http server started on [::]:1323
{"time":"2017-10-18T10:28:49.067072761+08:00","level":"ERROR","prefix":"echo","file":"echo.go","line":"477","message":"error: Get http://cs.zjmanageplatform.qiniu.io:8090/api/v1/admin/dispatch/lines: dial tcp 10.200.20.32:8090: i/o timeout"}
method=GET, uri=/api/v1/admin/dispatch/lines, status=200

   ____    __
  / __/___/ /  ___
 / _// __/ _ \/ _ \
/___/\__/_//_/\___/ v3.2.3
High performance, minimalist Go web framework
https://echo.labstack.com
____________________________________O/_______
                                    O\
⇨ http server started on [::]:1323
{"time":"2017-10-18T10:36:29.838846453+08:00","level":"ERROR","prefix":"echo","file":"echo.go","line":"477","message":"error: Get http://cs.zjmanageplatform.qiniu.io:8090/api/v1/admin/dispatch/lines: dial tcp 10.200.20.32:8090: i/o timeout"}
method=GET, uri=/api/v1/admin/dispatch/lines, status=200

   ____    __
  / __/___/ /  ___
 / _// __/ _ \/ _ \
/___/\__/_//_/\___/ v3.2.3
High performance, minimalist Go web framework
https://echo.labstack.com
____________________________________O/_______
                                    O\
⇨ http server started on [::]:1323

   ____    __
  / __/___/ /  ___
 / _// __/ _ \/ _ \
/___/\__/_//_/\___/ v3.2.3
High performance, minimalist Go web framework
https://echo.labstack.com
____________________________________O/_______
                                    O\
⇨ http server started on [::]:1323

   ____    __
  / __/___/ /  ___
 / _// __/ _ \/ _ \
/___/\__/_//_/\___/ v3.2.3
High performance, minimalist Go web framework
https://echo.labstack.com
____________________________________O/_______
                                    O\
⇨ http server started on [::]:1323
method=GET, uri=/alarm/v1/rule/all, status=200
{"time":"2017-10-18T10:38:43.837607429+08:00","level":"ERROR","prefix":"echo","file":"echo.go","line":"477","message":"error: Get http://cs.zjmanageplatform.qiniu.io:8090/api/v1/admin/dispatch/lines: dial tcp 10.200.20.32:8090: i/o timeout"}
method=GET, uri=/api/v1/admin/dispatch/lines, status=200
method=GET, uri=/api/v1/admin/common/cacheGroups, status=200
method=GET, uri=/api/v1/admin/common/cacheGroups, status=200

   ____    __
  / __/___/ /  ___
 / _// __/ _ \/ _ \
/___/\__/_//_/\___/ v3.2.3
High performance, minimalist Go web framework
https://echo.labstack.com
____________________________________O/_______
                                    O\
⇨ http server started on [::]:1323
method=GET, uri=/api/v1/admin/common/cacheGroups, status=200
method=GET, uri=/api/v1/admin/common/cacheGroups, status=200
method=GET, uri=/alarm/v1/rule/all, status=200
method=GET, uri=/alarm/v1/rule/all, status=200

   ____    __
  / __/___/ /  ___
 / _// __/ _ \/ _ \
/___/\__/_//_/\___/ v3.2.3
High performance, minimalist Go web framework
https://echo.labstack.com
____________________________________O/_______
                                    O\
⇨ http server started on [::]:1323
method=GET, uri=/alarm/v1/rule/all, status=200
method=GET, uri=/alarm/v1/rule/all, status=200
method=GET, uri=/api/v1/admin/dispatch/lines, status=200
method=GET, uri=/fcm-api/v2/node/alarm/rules, status=404
method=GET, uri=/fcm-api/v2/node/alarm/rules, status=404

   ____    __
  / __/___/ /  ___
 / _// __/ _ \/ _ \
/___/\__/_//_/\___/ v3.2.3
High performance, minimalist Go web framework
https://echo.labstack.com
____________________________________O/_______
                                    O\
⇨ http server started on [::]:1323
method=GET, uri=/fcm-api/v2/node/alarm/rules, status=200
